(---------------------------------------------------------------------)
(                                                                     )
(    Dangling Line, Via and Antenna Report                            )
(                                                                     )
(    Drawing          : PMOD2BNC.brd                                  )
(    Software Version : 23.1P001                                      )
(    Date/Time        : Thu Nov  9 13:27:00 2023                      )
(                                                                     )
(---------------------------------------------------------------------)


Report methodology:
  - Dangling lines have at least one end not connected.
  - Dangling vias have one or no connection
      - Plus are not a test, thieving or netshort property via.
  - Antenna vias do not have connections on their start and end layers.
      - Plus they are not a thieving vias.
      - Optionally, VOLTAGE nets, testvias and through vias can be suppressed with
        the environment variable report_antennavia.
      - Section may be suppressed by variable report_noantennavia.
  - Not part of the current partition.
  - To suppress items in dangle report add the OK_DANGLE property to the via
    or connect line.

<< Dangling Lines >>  - Location marked with a star (*) is dangling.
  Net                 Layer                  Length       Location
  ------------------------------------------------------------------------------------------
  N13592               TOP                   0.0050      (1.7000 0.8000) to *(1.6950 0.8000)
  N13642               SIGNAL                0.0050      (1.7000 5.7000) to *(1.6950 5.7000)
  N13610               SIGNAL                0.0050      (1.7000 2.9000) to *(1.6950 2.9000)
  N13596               GND                   0.0050      (1.7000 1.5000) to *(1.6950 1.5000)
  N13626               SIGNAL                0.0050      (1.7000 4.3000) to *(1.6950 4.3000)
  N13604               SIGNAL                0.0050      (1.7000 2.2000) to *(1.6950 2.2000)
  N13636               SIGNAL                0.0050      (1.7000 5.0000) to *(1.6950 5.0000)
  N15358               GND                   0.0050      (3.5000 1.5000) to *(3.4950 1.5000)
  N15354               TOP                   0.0050      (3.5000 0.8000) to *(3.4950 0.8000)
  N15388               SIGNAL                0.0050      (3.5000 4.3000) to *(3.4950 4.3000)
  N15398               SIGNAL                0.0050      (3.5000 5.0000) to *(3.4950 5.0000)
  N15366               SIGNAL                0.0050      (3.5000 2.2000) to *(3.4950 2.2000)
  N15404               SIGNAL                0.0050      (3.5000 5.7000) to *(3.4950 5.7000)
  N15372               SIGNAL                0.0050      (3.5000 2.9000) to *(3.4950 2.9000)
  N08600               SIGNAL                0.0050      (0.8000 5.7000) to *(0.7950 5.7000)
  N08588               SIGNAL                0.0050      (0.8000 5.0000) to *(0.7950 5.0000)
  N08556               SIGNAL                0.0050      (0.8000 4.3000) to *(0.7950 4.3000)
  N08519               SIGNAL                0.0050      (0.8000 2.9000) to *(0.7950 2.9000)
  N08507               SIGNAL                0.0050      (0.8000 2.2000) to *(0.7950 2.2000)
  N08489               GND                   0.0050      (0.8000 1.5000) to *(0.7950 1.5000)
  N08480               TOP                   0.0050      (0.8000 0.8000) to *(0.7950 0.8000)
  N14473               TOP                   0.0050      (2.6000 0.8000) to *(2.5950 0.8000)
  N14485               SIGNAL                0.0050      (2.6000 2.2000) to *(2.5950 2.2000)
  N14477               GND                   0.0050      (2.6000 1.5000) to *(2.5950 1.5000)
  N14523               SIGNAL                0.0050      (2.6000 5.7000) to *(2.5950 5.7000)
  N14491               SIGNAL                0.0050      (2.6000 2.9000) to *(2.5950 2.9000)
  N14517               SIGNAL                0.0050      (2.6000 5.0000) to *(2.5950 5.0000)
  N14507               SIGNAL                0.0050      (2.6000 4.3000) to *(2.5950 4.3000)

<< Summary >>
  Total dangling lines:      28
  Total dangling vias:        0
  Total antenna vias:         0
